#
# A fatal error has been detected by the Java Runtime Environment:
#
#  EXCEPTION_ACCESS_VIOLATION (0xc0000005) at pc=0x00007ffc426ed2d8, pid=3004, tid=10036
#
# JRE version: Java(TM) SE Runtime Environment (17.0.12+8) (build 17.0.12+8-LTS-286)
# Java VM: Java HotSpot(TM) 64-Bit Server VM (17.0.12+8-LTS-286, mixed mode, emulated-client, sharing, tiered, compressed oops, compressed class ptrs, g1 gc, windows-amd64)
# Problematic frame:
# V  [jvm.dll+0x23d2d8]
#
# No core dump will be written. Minidumps are not enabled by default on client versions of Windows
#
# If you would like to submit a bug report, please visit:
#   https://bugreport.java.com/bugreport/crash.jsp
#

---------------  S U M M A R Y ------------

Command Line: -XX:+ShowCodeDetailsInExceptionMessages -agentlib:jdwp=transport=dt_socket,suspend=y,address=localhost:50397 -Dcom.sun.management.jmxremote -Dcom.sun.management.jmxremote.port=50396 -Dcom.sun.management.jmxremote.authenticate=false -Dcom.sun.management.jmxremote.ssl=false -Djava.rmi.server.hostname=localhost -Dspring.jmx.enabled=true -Dmanagement.endpoints.jmx.exposure.include=* -Dspring.application.admin.enabled=true -XX:TieredStopAtLevel=1 -Dspring.boot.project.name=UserService -javaagent:F:\MySts\spring-tool-suite-4-4.26.0.RELEASE-e4.33.0-win32.win32.x86_64\sts-4.26.0.RELEASE\configuration\org.eclipse.osgi\271\0\.cp\lib\javaagent-shaded.jar -Dfile.encoding=UTF-8 -Dstdout.encoding=UTF-8 -Dstderr.encoding=UTF-8 com.app.zayyni.UserServiceApplication --spring.output.ansi.enabled=always

Host: Intel(R) Core(TM) i5-3470 CPU @ 3.20GHz, 4 cores, 7G,  Windows 11 , 64 bit Build 22621 (10.0.22621.3235)
Time: Wed May 21 22:08:26 2025 Pakistan Standard Time elapsed time: 359.314520 seconds (0d 0h 5m 59s)

---------------  T H R E A D  ---------------

Current thread (0x0000024a6d60a150):  VMThread "VM Thread" [stack: 0x000000d28c700000,0x000000d28c800000] [id=10036]

Stack: [0x000000d28c700000,0x000000d28c800000],  sp=0x000000d28c7fef38,  free space=1019k
Native frames: (J=compiled Java code, j=interpreted, Vv=VM code, C=native code)
V  [jvm.dll+0x23d2d8]


siginfo: EXCEPTION_ACCESS_VIOLATION (0xc0000005), reading address 0x0000024a6fb6d4b0


Registers:
RAX=0x00000000000072df, RBX=0x0000024a72d3c850, RCX=0x0000024a6fb33d70, RDX=0x000000000000002b
RSP=0x000000d28c7fef38, RBP=0x00000000000000bb, RSI=0x000000d28c7feff0, RDI=0x000000000000002b
R8 =0x000000d28c7ff020, R9 =0x000000d28c7feff0, R10=0x0000024a6d5fcc50, R11=0x0000024a6fb34428
R12=0x0000024a6f21a4e0, R13=0x0000024a6fb33d70, R14=0x000000d28c7ff020, R15=0x00000000000000bb
RIP=0x00007ffc426ed2d8, EFLAGS=0x0000000000010206


Register to memory mapping:

RIP=0x00007ffc426ed2d8 jvm.dll
RAX=0x00000000000072df is an unknown value
RBX=0x0000024a72d3c850 points into unknown readable memory: 0x6f630019df540007 | 07 00 54 df 19 00 63 6f
RCX=0x0000024a6fb33d70 is pointing into metadata
RDX=0x000000000000002b is an unknown value
RSP=0x000000d28c7fef38 points into unknown readable memory: 0x00007ffc42ae1052 | 52 10 ae 42 fc 7f 00 00
RBP=0x00000000000000bb is an unknown value
RSI=0x000000d28c7feff0 points into unknown readable memory: 0x0000024a6fb34428 | 28 44 b3 6f 4a 02 00 00
RDI=0x000000000000002b is an unknown value
R8 =0x000000d28c7ff020 points into unknown readable memory: 0x0000024a6f21ab88 | 88 ab 21 6f 4a 02 00 00
R9 =0x000000d28c7feff0 points into unknown readable memory: 0x0000024a6fb34428 | 28 44 b3 6f 4a 02 00 00
R10=0x0000024a6d5fcc50 points into unknown readable memory: 0x0000001e00000002 | 02 00 00 00 1e 00 00 00
R11={method} {0x0000024a6fb34430} 'getUser' '()Lcom/app/zayyni/model/User;' in 'com/app/zayyni/controller/UserController'
R12=0x0000024a6f21a4e0 is pointing into metadata
R13=0x0000024a6fb33d70 is pointing into metadata
R14=0x000000d28c7ff020 points into unknown readable memory: 0x0000024a6f21ab88 | 88 ab 21 6f 4a 02 00 00
R15=0x00000000000000bb is an unknown value


Top of Stack: (sp=0x000000d28c7fef38)
0x000000d28c7fef38:   00007ffc42ae1052 000000000000002b
0x000000d28c7fef48:   00007ffc427f9380 0000000000000001
0x000000d28c7fef58:   000000d28c7feff0 0000000000000000
0x000000d28c7fef68:   00007ffc42b1cee1 000000d28c7feff0
0x000000d28c7fef78:   00007ffc425d762e 0000024a6fb34428
0x000000d28c7fef88:   000000d28c7ff0f9 00000000000000bb
0x000000d28c7fef98:   0000024a6fb343f8 00000000000000bb
0x000000d28c7fefa8:   00007ffc42ae1a5d 00000000000000bb
0x000000d28c7fefb8:   000000d28c7ff029 00000000000000bb
0x000000d28c7fefc8:   00007ffc42c9cdda 0000024a6f21a4e0
0x000000d28c7fefd8:   0000024a6fb33d70 0000024a6fb34428
0x000000d28c7fefe8:   0000024a6d60a150 0000024a6fb34428
0x000000d28c7feff8:   0000024a6d60a150 0000000300000000
0x000000d28c7ff008:   000000bb0000000f 0000024a59cb0000
0x000000d28c7ff018:   00007ffc000000bb 0000024a6f21ab88
0x000000d28c7ff028:   0000024a6d60a150 0000000300000000 

Instructions: (pc=0x00007ffc426ed2d8)
0x00007ffc426ed1d8:   11 32 00 48 83 7e 08 00 48 8b 6c 24 60 74 4a 4c
0x00007ffc426ed1e8:   8b ce 41 b0 64 41 8b d4 49 8b ce e8 a8 1d 00 00
0x00007ffc426ed1f8:   48 83 7e 08 00 75 20 49 8b 0e 8b 54 24 68 48 8b
0x00007ffc426ed208:   7c 24 70 48 8b 41 28 48 8b 44 d0 08 48 83 c4 38
0x00007ffc426ed218:   41 5e 41 5c 5e 5b c3 48 8b 7c 24 70 33 c0 48 83
0x00007ffc426ed228:   c4 38 41 5e 41 5c 5e 5b c3 48 83 3d df 0d 8c 00
0x00007ffc426ed238:   00 74 0b 48 8b d3 49 8b ce e8 ea 22 00 00 8b 44
0x00007ffc426ed248:   24 68 41 b9 07 00 00 00 48 8d 14 c5 00 00 00 00
0x00007ffc426ed258:   49 8b 06 48 8b 48 28 48 89 5c 11 08 49 8b 06 48
0x00007ffc426ed268:   8b 48 08 b0 64 f0 46 0f b0 4c 21 04 3c 67 75 24
0x00007ffc426ed278:   49 8b 06 33 ff 4c 8b c6 48 8b 48 28 48 89 7c 11
0x00007ffc426ed288:   08 41 8b d4 49 8b ce e8 2c 21 00 00 48 39 7e 08
0x00007ffc426ed298:   48 0f 45 df 48 8b 7c 24 70 48 8b c3 48 83 c4 38
0x00007ffc426ed2a8:   41 5e 41 5c 5e 5b c3 cc 48 8b 41 28 4c 63 ca 42
0x00007ffc426ed2b8:   0f b7 54 c9 48 4c 89 44 d0 08 48 8b 41 08 42 c6
0x00007ffc426ed2c8:   44 08 04 07 c3 cc cc cc 48 63 c2 0f b7 44 c1 4a
0x00007ffc426ed2d8:   48 8b 44 c1 48 c3 cc cc 49 63 c0 44 0f b7 44 c1
0x00007ffc426ed2e8:   4a 48 8b 42 18 4a 39 44 c1 48 0f 94 c0 c3 cc cc
0x00007ffc426ed2f8:   cc cc cc cc cc cc cc cc 48 89 5c 24 10 48 89 74
0x00007ffc426ed308:   24 18 57 48 83 ec 30 48 63 da 49 8b f0 48 8b f9
0x00007ffc426ed318:   85 d2 79 24 4c 8d 0d 0d c6 6a 00 ba b4 02 00 00
0x00007ffc426ed328:   4c 8d 05 39 c6 6a 00 48 8d 0d b2 c5 6a 00 e8 25
0x00007ffc426ed338:   7c 00 00 e8 20 c8 43 00 48 8b 4f 10 48 85 c9 74
0x00007ffc426ed348:   0f 48 8d 43 01 48 c1 e0 05 48 8b 04 08 0f b7 d8
0x00007ffc426ed358:   48 63 c3 48 8d 54 24 40 48 89 7c 24 20 48 89 74
0x00007ffc426ed368:   24 28 48 8b 8e 48 02 00 00 8b 5c c7 48 48 89 7c
0x00007ffc426ed378:   24 40 e8 61 d7 dc ff 0f b7 d3 48 8d 4c 24 20 4c
0x00007ffc426ed388:   8b c6 e8 f1 fb ff ff 48 8d 4c 24 20 48 8b d8 e8
0x00007ffc426ed398:   74 c0 10 00 48 8b 74 24 50 48 8b c3 48 8b 5c 24
0x00007ffc426ed3a8:   48 48 83 c4 30 5f c3 cc 48 89 5c 24 08 57 48 83
0x00007ffc426ed3b8:   ec 20 48 63 fa 48 8b d9 85 d2 79 24 4c 8d 0d 65
0x00007ffc426ed3c8:   c5 6a 00 ba b4 02 00 00 4c 8d 05 91 c5 6a 00 48 


Stack slot to memory mapping:
stack at sp + 0 slots: 0x00007ffc42ae1052 jvm.dll
stack at sp + 1 slots: 0x000000000000002b is an unknown value
stack at sp + 2 slots: 0x00007ffc427f9380 jvm.dll
stack at sp + 3 slots: 0x0000000000000001 is an unknown value
stack at sp + 4 slots: 0x000000d28c7feff0 points into unknown readable memory: 0x0000024a6fb34428 | 28 44 b3 6f 4a 02 00 00
stack at sp + 5 slots: 0x0 is NULL
stack at sp + 6 slots: 0x00007ffc42b1cee1 jvm.dll
stack at sp + 7 slots: 0x000000d28c7feff0 points into unknown readable memory: 0x0000024a6fb34428 | 28 44 b3 6f 4a 02 00 00

VM_Operation (0x000000d28d2ff7d0): RedefineClasses, mode: safepoint, requested by thread 0x0000024a6d87f070, redefining class com.app.zayyni.controller.UserController



---------------  P R O C E S S  ---------------

Threads class SMR info:
_java_thread_list=0x0000024a7336f930, length=35, elements={
0x0000024a6d60d900, 0x0000024a6d60e690, 0x0000024a6d620280, 0x0000024a6d621010,
0x0000024a6d621da0, 0x0000024a6d625b90, 0x0000024a6d629a10, 0x0000024a6d633340,
0x0000024a6d69e920, 0x0000024a6d87f070, 0x0000024a6d881f20, 0x0000024a6d886730,
0x0000024a6db9dfe0, 0x0000024a720c8a40, 0x0000024a6da1b330, 0x0000024a720e8c90,
0x0000024a72634f80, 0x0000024a72636f20, 0x0000024a726776a0, 0x0000024a72677bb0,
0x0000024a72679f20, 0x0000024a72679500, 0x0000024a726785d0, 0x0000024a72678ae0,
0x0000024a72679a10, 0x0000024a7267a430, 0x0000024a7267a940, 0x0000024a73343900,
0x0000024a73344d40, 0x0000024a733433f0, 0x0000024a73343e10, 0x0000024a73346ba0,
0x0000024a73344320, 0x0000024a73344830, 0x0000024a73345c70
}

Java Threads: ( => current thread )
  0x0000024a6d60d900 JavaThread "Reference Handler" daemon [_thread_blocked, id=9256, stack(0x000000d28c800000,0x000000d28c900000)]
  0x0000024a6d60e690 JavaThread "Finalizer" daemon [_thread_blocked, id=8816, stack(0x000000d28c900000,0x000000d28ca00000)]
  0x0000024a6d620280 JavaThread "Signal Dispatcher" daemon [_thread_blocked, id=10080, stack(0x000000d28ca00000,0x000000d28cb00000)]
  0x0000024a6d621010 JavaThread "Attach Listener" daemon [_thread_blocked, id=8860, stack(0x000000d28cb00000,0x000000d28cc00000)]
  0x0000024a6d621da0 JavaThread "Service Thread" daemon [_thread_blocked, id=10176, stack(0x000000d28cc00000,0x000000d28cd00000)]
  0x0000024a6d625b90 JavaThread "Monitor Deflation Thread" daemon [_thread_blocked, id=8720, stack(0x000000d28cd00000,0x000000d28ce00000)]
  0x0000024a6d629a10 JavaThread "C1 CompilerThread0" daemon [_thread_blocked, id=8572, stack(0x000000d28ce00000,0x000000d28cf00000)]
  0x0000024a6d633340 JavaThread "Sweeper thread" daemon [_thread_blocked, id=10100, stack(0x000000d28cf00000,0x000000d28d000000)]
  0x0000024a6d69e920 JavaThread "Common-Cleaner" daemon [_thread_blocked, id=10092, stack(0x000000d28d000000,0x000000d28d100000)]
  0x0000024a6d87f070 JavaThread "JDWP Transport Listener: dt_socket" daemon [_thread_blocked, id=10124, stack(0x000000d28d200000,0x000000d28d300000)]
  0x0000024a6d881f20 JavaThread "JDWP Event Helper Thread" daemon [_thread_blocked, id=10072, stack(0x000000d28d300000,0x000000d28d400000)]
  0x0000024a6d886730 JavaThread "JDWP Command Reader" daemon [_thread_in_native, id=10108, stack(0x000000d28d400000,0x000000d28d500000)]
  0x0000024a6db9dfe0 JavaThread "Notification Thread" daemon [_thread_blocked, id=9844, stack(0x000000d28d500000,0x000000d28d600000)]
  0x0000024a720c8a40 JavaThread "RMI TCP Accept-0" daemon [_thread_in_native, id=10056, stack(0x000000d28d600000,0x000000d28d700000)]
  0x0000024a6da1b330 JavaThread "RMI TCP Accept-50396" daemon [_thread_in_native, id=10120, stack(0x000000d28da00000,0x000000d28db00000)]
  0x0000024a720e8c90 JavaThread "RMI TCP Accept-0" daemon [_thread_in_native, id=1220, stack(0x000000d28db00000,0x000000d28dc00000)]
  0x0000024a72634f80 JavaThread "RMI Scheduler(0)" daemon [_thread_blocked, id=7900, stack(0x000000d28df00000,0x000000d28e000000)]
  0x0000024a72636f20 JavaThread "RMI TCP Connection(idle)" daemon [_thread_blocked, id=1880, stack(0x000000d28e000000,0x000000d28e100000)]
  0x0000024a726776a0 JavaThread "JMX server connection timeout 24" daemon [_thread_blocked, id=6228, stack(0x000000d28e100000,0x000000d28e200000)]
  0x0000024a72677bb0 JavaThread "Catalina-utility-1" [_thread_blocked, id=8188, stack(0x000000d28e200000,0x000000d28e300000)]
  0x0000024a72679f20 JavaThread "Catalina-utility-2" [_thread_blocked, id=3840, stack(0x000000d28e300000,0x000000d28e400000)]
  0x0000024a72679500 JavaThread "container-0" [_thread_blocked, id=1604, stack(0x000000d28e400000,0x000000d28e500000)]
  0x0000024a726785d0 JavaThread "http-nio-8080-exec-1" daemon [_thread_blocked, id=2348, stack(0x000000d28e500000,0x000000d28e600000)]
  0x0000024a72678ae0 JavaThread "http-nio-8080-exec-2" daemon [_thread_blocked, id=2288, stack(0x000000d28e600000,0x000000d28e700000)]
  0x0000024a72679a10 JavaThread "http-nio-8080-exec-3" daemon [_thread_blocked, id=6584, stack(0x000000d28e700000,0x000000d28e800000)]
  0x0000024a7267a430 JavaThread "http-nio-8080-exec-4" daemon [_thread_blocked, id=4008, stack(0x000000d28e800000,0x000000d28e900000)]
  0x0000024a7267a940 JavaThread "http-nio-8080-exec-5" daemon [_thread_blocked, id=8824, stack(0x000000d28e900000,0x000000d28ea00000)]
  0x0000024a73343900 JavaThread "http-nio-8080-exec-6" daemon [_thread_blocked, id=9080, stack(0x000000d28ea00000,0x000000d28eb00000)]
  0x0000024a73344d40 JavaThread "http-nio-8080-exec-7" daemon [_thread_blocked, id=7404, stack(0x000000d28eb00000,0x000000d28ec00000)]
  0x0000024a733433f0 JavaThread "http-nio-8080-exec-8" daemon [_thread_blocked, id=8296, stack(0x000000d28ec00000,0x000000d28ed00000)]
  0x0000024a73343e10 JavaThread "http-nio-8080-exec-9" daemon [_thread_blocked, id=7960, stack(0x000000d28ed00000,0x000000d28ee00000)]
  0x0000024a73346ba0 JavaThread "http-nio-8080-exec-10" daemon [_thread_blocked, id=1724, stack(0x000000d28ee00000,0x000000d28ef00000)]
  0x0000024a73344320 JavaThread "http-nio-8080-Poller" daemon [_thread_in_native, id=5804, stack(0x000000d28ef00000,0x000000d28f000000)]
  0x0000024a73344830 JavaThread "http-nio-8080-Acceptor" daemon [_thread_in_native, id=6176, stack(0x000000d28f000000,0x000000d28f100000)]
  0x0000024a73345c70 JavaThread "DestroyJavaVM" [_thread_blocked, id=4856, stack(0x000000d28c100000,0x000000d28c200000)]

Other Threads:
=>0x0000024a6d60a150 VMThread "VM Thread" [stack: 0x000000d28c700000,0x000000d28c800000] [id=10036]
  0x0000024a59f6e720 WatcherThread [stack: 0x000000d28dc00000,0x000000d28dd00000] [id=7512]
  0x0000024a59fc7b00 GCTaskThread "GC Thread#0" [stack: 0x000000d28c200000,0x000000d28c300000] [id=8804]
  0x0000024a72111c30 GCTaskThread "GC Thread#1" [stack: 0x000000d28d700000,0x000000d28d800000] [id=10112]
  0x0000024a720d3030 GCTaskThread "GC Thread#2" [stack: 0x000000d28d800000,0x000000d28d900000] [id=10088]
  0x0000024a720eaf70 GCTaskThread "GC Thread#3" [stack: 0x000000d28d900000,0x000000d28da00000] [id=5192]
  0x0000024a59fd8ef0 ConcurrentGCThread "G1 Main Marker" [stack: 0x000000d28c300000,0x000000d28c400000] [id=8912]
  0x0000024a59fd9900 ConcurrentGCThread "G1 Conc#0" [stack: 0x000000d28c400000,0x000000d28c500000] [id=10076]
  0x0000024a5a02d420 ConcurrentGCThread "G1 Refine#0" [stack: 0x000000d28c500000,0x000000d28c600000] [id=9612]
  0x0000024a6d4c40c0 ConcurrentGCThread "G1 Service" [stack: 0x000000d28c600000,0x000000d28c700000] [id=10060]

Threads with active compile tasks:

VM state: at safepoint (normal execution)

VM Mutex/Monitor currently owned by a thread:  ([mutex/lock_event])
[0x0000024a59f67e80] Threads_lock - owner thread: 0x0000024a6d60a150

Heap address: 0x0000000081800000, size: 2024 MB, Compressed Oops mode: 32-bit

CDS archive(s) mapped at: [0x0000024a00000000-0x0000024a00bd0000-0x0000024a00bd0000), size 12386304, SharedBaseAddress: 0x0000024a00000000, ArchiveRelocationMode: 1.
Compressed class space mapped at: 0x0000024a01000000-0x0000024a41000000, reserved size: 1073741824
Narrow klass base: 0x0000024a00000000, Narrow klass shift: 0, Narrow klass range: 0x100000000

GC Precious Log:
 CPUs: 4 total, 4 available
 Memory: 8094M
 Large Page Support: Disabled
 NUMA Support: Disabled
 Compressed Oops: Enabled (32-bit)
 Heap Region Size: 1M
 Heap Min Capacity: 8M
 Heap Initial Capacity: 128M
 Heap Max Capacity: 2024M
 Pre-touch: Disabled
 Parallel Workers: 4
 Concurrent Workers: 1
 Concurrent Refinement Workers: 4
 Periodic GC: Disabled

Heap:
 garbage-first heap   total 58368K, used 21151K [0x0000000081800000, 0x0000000100000000)
  region size 1024K, 10 young (10240K), 4 survivors (4096K)
 Metaspace       used 31019K, committed 31424K, reserved 1114112K
  class space    used 4162K, committed 4352K, reserved 1048576K

Heap Regions: E=young(eden), S=young(survivor), O=old, HS=humongous(starts), HC=humongous(continues), CS=collection set, F=free, OA=open archive, CA=closed archive, TAMS=top-at-mark-start (previous, next)
|   0|0x0000000081800000, 0x0000000081900000, 0x0000000081900000|100%| O|  |TAMS 0x0000000081900000, 0x0000000081800000| Untracked 
|   1|0x0000000081900000, 0x0000000081a00000, 0x0000000081a00000|100%| O|  |TAMS 0x0000000081a00000, 0x0000000081900000| Untracked 
|   2|0x0000000081a00000, 0x0000000081b00000, 0x0000000081b00000|100%| O|  |TAMS 0x0000000081b00000, 0x0000000081a00000| Untracked 
|   3|0x0000000081b00000, 0x0000000081c00000, 0x0000000081c00000|100%| O|  |TAMS 0x0000000081c00000, 0x0000000081b00000| Untracked 
|   4|0x0000000081c00000, 0x0000000081d00000, 0x0000000081d00000|100%| O|  |TAMS 0x0000000081c20a00, 0x0000000081c00000| Untracked 
|   5|0x0000000081d00000, 0x0000000081e00000, 0x0000000081e00000|100%| O|  |TAMS 0x0000000081d00000, 0x0000000081d00000| Untracked 
|   6|0x0000000081e00000, 0x0000000081ec9e00, 0x0000000081f00000| 78%| O|  |TAMS 0x0000000081e00000, 0x0000000081e00000| Untracked 
|   7|0x0000000081f00000, 0x0000000082000000, 0x0000000082000000|100%| O|  |TAMS 0x0000000081f00000, 0x0000000081f00000| Untracked 
|   8|0x0000000082000000, 0x0000000082100000, 0x0000000082100000|100%| O|  |TAMS 0x0000000082000000, 0x0000000082000000| Untracked 
|   9|0x0000000082100000, 0x0000000082200000, 0x0000000082200000|100%| O|  |TAMS 0x0000000082100000, 0x0000000082100000| Untracked 
|  10|0x0000000082200000, 0x0000000082300000, 0x0000000082300000|100%| O|  |TAMS 0x0000000082200000, 0x0000000082200000| Untracked 
|  11|0x0000000082300000, 0x0000000082400000, 0x0000000082400000|100%| O|  |TAMS 0x0000000082300000, 0x0000000082300000| Untracked 
|  12|0x0000000082400000, 0x00000000824ae800, 0x0000000082500000| 68%| O|  |TAMS 0x0000000082400000, 0x0000000082400000| Untracked 
|  13|0x0000000082500000, 0x0000000082500000, 0x0000000082600000|  0%| F|  |TAMS 0x0000000082500000, 0x0000000082500000| Untracked 
|  14|0x0000000082600000, 0x0000000082600000, 0x0000000082700000|  0%| F|  |TAMS 0x0000000082600000, 0x0000000082600000| Untracked 
|  15|0x0000000082700000, 0x0000000082700000, 0x0000000082800000|  0%| F|  |TAMS 0x0000000082700000, 0x0000000082700000| Untracked 
|  16|0x0000000082800000, 0x0000000082800000, 0x0000000082900000|  0%| F|  |TAMS 0x0000000082800000, 0x0000000082800000| Untracked 
|  17|0x0000000082900000, 0x0000000082900000, 0x0000000082a00000|  0%| F|  |TAMS 0x0000000082900000, 0x0000000082900000| Untracked 
|  18|0x0000000082a00000, 0x0000000082a00000, 0x0000000082b00000|  0%| F|  |TAMS 0x0000000082a00000, 0x0000000082a00000| Untracked 
|  19|0x0000000082b00000, 0x0000000082b00000, 0x0000000082c00000|  0%| F|  |TAMS 0x0000000082b00000, 0x0000000082b00000| Untracked 
|  20|0x0000000082c00000, 0x0000000082c00000, 0x0000000082d00000|  0%| F|  |TAMS 0x0000000082c00000, 0x0000000082c00000| Untracked 
|  21|0x0000000082d00000, 0x0000000082d00000, 0x0000000082e00000|  0%| F|  |TAMS 0x0000000082d00000, 0x0000000082d00000| Untracked 
|  22|0x0000000082e00000, 0x0000000082e00000, 0x0000000082f00000|  0%| F|  |TAMS 0x0000000082e00000, 0x0000000082e00000| Untracked 
|  23|0x0000000082f00000, 0x0000000082f2f9f8, 0x0000000083000000| 18%| S|CS|TAMS 0x0000000082f00000, 0x0000000082f00000| Complete 
|  24|0x0000000083000000, 0x0000000083000000, 0x0000000083100000|  0%| F|  |TAMS 0x0000000083000000, 0x0000000083000000| Untracked 
|  25|0x0000000083100000, 0x0000000083100000, 0x0000000083200000|  0%| F|  |TAMS 0x0000000083100000, 0x0000000083100000| Untracked 
|  26|0x0000000083200000, 0x0000000083300000, 0x0000000083300000|100%| S|CS|TAMS 0x0000000083200000, 0x0000000083200000| Complete 
|  27|0x0000000083300000, 0x0000000083400000, 0x0000000083400000|100%| S|CS|TAMS 0x0000000083300000, 0x0000000083300000| Complete 
|  28|0x0000000083400000, 0x0000000083500000, 0x0000000083500000|100%| S|CS|TAMS 0x0000000083400000, 0x0000000083400000| Complete 
|  29|0x0000000083500000, 0x0000000083500000, 0x0000000083600000|  0%| F|  |TAMS 0x0000000083500000, 0x0000000083500000| Untracked 
|  30|0x0000000083600000, 0x0000000083600000, 0x0000000083700000|  0%| F|  |TAMS 0x0000000083600000, 0x0000000083600000| Untracked 
|  31|0x0000000083700000, 0x0000000083700000, 0x0000000083800000|  0%| F|  |TAMS 0x0000000083700000, 0x0000000083700000| Untracked 
|  32|0x0000000083800000, 0x0000000083800000, 0x0000000083900000|  0%| F|  |TAMS 0x0000000083800000, 0x0000000083800000| Untracked 
|  33|0x0000000083900000, 0x0000000083900000, 0x0000000083a00000|  0%| F|  |TAMS 0x0000000083900000, 0x0000000083900000| Untracked 
|  34|0x0000000083a00000, 0x0000000083a00000, 0x0000000083b00000|  0%| F|  |TAMS 0x0000000083a00000, 0x0000000083a00000| Untracked 
|  35|0x0000000083b00000, 0x0000000083b00000, 0x0000000083c00000|  0%| F|  |TAMS 0x0000000083b00000, 0x0000000083b00000| Untracked 
|  36|0x0000000083c00000, 0x0000000083c00000, 0x0000000083d00000|  0%| F|  |TAMS 0x0000000083c00000, 0x0000000083c00000| Untracked 
|  37|0x0000000083d00000, 0x0000000083d00000, 0x0000000083e00000|  0%| F|  |TAMS 0x0000000083d00000, 0x0000000083d00000| Untracked 
|  38|0x0000000083e00000, 0x0000000083e00000, 0x0000000083f00000|  0%| F|  |TAMS 0x0000000083e00000, 0x0000000083e00000| Untracked 
|  39|0x0000000083f00000, 0x0000000083f00000, 0x0000000084000000|  0%| F|  |TAMS 0x0000000083f00000, 0x0000000083f00000| Untracked 
|  40|0x0000000084000000, 0x0000000084000000, 0x0000000084100000|  0%| F|  |TAMS 0x0000000084000000, 0x0000000084000000| Untracked 
|  41|0x0000000084100000, 0x0000000084100000, 0x0000000084200000|  0%| F|  |TAMS 0x0000000084100000, 0x0000000084100000| Untracked 
|  42|0x0000000084200000, 0x0000000084200000, 0x0000000084300000|  0%| F|  |TAMS 0x0000000084200000, 0x0000000084200000| Untracked 
|  43|0x0000000084300000, 0x0000000084300000, 0x0000000084400000|  0%| F|  |TAMS 0x0000000084300000, 0x0000000084300000| Untracked 
|  44|0x0000000084400000, 0x0000000084400000, 0x0000000084500000|  0%| F|  |TAMS 0x0000000084400000, 0x0000000084400000| Untracked 
|  45|0x0000000084500000, 0x0000000084500000, 0x0000000084600000|  0%| F|  |TAMS 0x0000000084500000, 0x0000000084500000| Untracked 
|  46|0x0000000084600000, 0x0000000084600000, 0x0000000084700000|  0%| F|  |TAMS 0x0000000084600000, 0x0000000084600000| Untracked 
|  47|0x0000000084700000, 0x0000000084700000, 0x0000000084800000|  0%| F|  |TAMS 0x0000000084700000, 0x0000000084700000| Untracked 
|  48|0x0000000084800000, 0x0000000084800000, 0x0000000084900000|  0%| F|  |TAMS 0x0000000084800000, 0x0000000084800000| Untracked 
|  49|0x0000000084900000, 0x0000000084900000, 0x0000000084a00000|  0%| F|  |TAMS 0x0000000084900000, 0x0000000084900000| Untracked 
| 112|0x0000000088800000, 0x0000000088800000, 0x0000000088900000|  0%| F|  |TAMS 0x0000000088800000, 0x0000000088800000| Untracked 
| 113|0x0000000088900000, 0x00000000889a6888, 0x0000000088a00000| 65%| E|  |TAMS 0x0000000088900000, 0x0000000088900000| Complete 
| 114|0x0000000088a00000, 0x0000000088b00000, 0x0000000088b00000|100%| E|CS|TAMS 0x0000000088a00000, 0x0000000088a00000| Complete 
| 115|0x0000000088b00000, 0x0000000088c00000, 0x0000000088c00000|100%| E|CS|TAMS 0x0000000088b00000, 0x0000000088b00000| Complete 
| 116|0x0000000088c00000, 0x0000000088d00000, 0x0000000088d00000|100%| E|CS|TAMS 0x0000000088c00000, 0x0000000088c00000| Complete 
| 126|0x0000000089600000, 0x0000000089700000, 0x0000000089700000|100%| E|CS|TAMS 0x0000000089600000, 0x0000000089600000| Complete 
| 127|0x0000000089700000, 0x0000000089800000, 0x0000000089800000|100%| E|CS|TAMS 0x0000000089700000, 0x0000000089700000| Complete 

Card table byte_map: [0x0000024a668d0000,0x0000024a66cd0000] _byte_map_base: 0x0000024a664c4000

Marking Bits (Prev, Next): (CMBitMap*) 0x0000024a59fc8160, (CMBitMap*) 0x0000024a59fc8120
 Prev Bits: [0x0000024a69070000, 0x0000024a6b010000)
 Next Bits: [0x0000024a670d0000, 0x0000024a69070000)

Polling page: 0x0000024a5a030000

Metaspace:

Usage:
  Non-class:     26.23 MB used.
      Class:      4.07 MB used.
       Both:     30.29 MB used.

Virtual space:
  Non-class space:       64.00 MB reserved,      26.44 MB ( 41%) committed,  1 nodes.
      Class space:        1.00 GB reserved,       4.25 MB ( <1%) committed,  1 nodes.
             Both:        1.06 GB reserved,      30.69 MB (  3%) committed. 

Chunk freelists:
   Non-Class:  4.78 MB
       Class:  11.59 MB
        Both:  16.38 MB

MaxMetaspaceSize: unlimited
CompressedClassSpaceSize: 1.00 GB
Initial GC threshold: 21.00 MB
Current GC threshold: 35.25 MB
CDS: on
MetaspaceReclaimPolicy: balanced
 - commit_granule_bytes: 65536.
 - commit_granule_words: 8192.
 - virtual_space_node_default_size: 8388608.
 - enlarge_chunks_in_place: 1.
 - new_chunks_are_fully_committed: 0.
 - uncommit_free_chunks: 1.
 - use_allocation_guard: 0.
 - handle_deallocations: 1.


Internal statistics:

num_allocs_failed_limit: 3.
num_arena_births: 560.
num_arena_deaths: 0.
num_vsnodes_births: 2.
num_vsnodes_deaths: 0.
num_space_committed: 491.
num_space_uncommitted: 0.
num_chunks_returned_to_freelist: 3.
num_chunks_taken_from_freelist: 1652.
num_chunk_merges: 3.
num_chunk_splits: 1105.
num_chunks_enlarged: 801.
num_inconsistent_stats: 0.

CodeCache: size=49152Kb used=7825Kb max_used=8687Kb free=41326Kb
 bounds [0x0000024a63030000, 0x0000024a638b0000, 0x0000024a66030000]
 total_blobs=4480 nmethods=3940 adapters=467
 compilation: enabled
              stopped_count=0, restarted_count=0
 full_count=0

Compilation events (20 events):
Event: 301.014 Thread 0x0000024a6d629a10 3931       1       java.io.ObjectInputStream$PeekInputStream::read (115 bytes)
Event: 301.014 Thread 0x0000024a6d629a10 nmethod 3931 0x0000024a63454b10 code [0x0000024a63454ce0, 0x0000024a63454f78]
Event: 302.562 Thread 0x0000024a6d629a10 3932       1       java.util.HashMap::valuesToArray (81 bytes)
Event: 302.563 Thread 0x0000024a6d629a10 nmethod 3932 0x0000024a63454510 code [0x0000024a634546c0, 0x0000024a63454918]
Event: 307.632 Thread 0x0000024a6d629a10 3933       1       java.util.concurrent.ScheduledThreadPoolExecutor::reExecutePeriodic (49 bytes)
Event: 307.632 Thread 0x0000024a6d629a10 nmethod 3933 0x0000024a63453f10 code [0x0000024a63454100, 0x0000024a63454368]
Event: 322.586 Thread 0x0000024a6d629a10 3934       1       org.apache.catalina.webresources.Cache$$Lambda$926/0x0000024a01465028::applyAsLong (8 bytes)
Event: 322.586 Thread 0x0000024a6d629a10 nmethod 3934 0x0000024a63453b90 code [0x0000024a63453d20, 0x0000024a63453e38]
Event: 323.257 Thread 0x0000024a6d629a10 3935       1       java.io.ObjectInputStream$PeekInputStream::readFully (48 bytes)
Event: 323.258 Thread 0x0000024a6d629a10 nmethod 3935 0x0000024a63453690 code [0x0000024a63453840, 0x0000024a63453a38]
Event: 323.258 Thread 0x0000024a6d629a10 3936       1       sun.rmi.runtime.Log$LoggerLog::isLoggable (9 bytes)
Event: 323.258 Thread 0x0000024a6d629a10 nmethod 3936 0x0000024a63453310 code [0x0000024a634534a0, 0x0000024a63453598]
Event: 323.258 Thread 0x0000024a6d629a10 3937       1       java.io.ObjectStreamClass::getPrimDataSize (5 bytes)
Event: 323.258 Thread 0x0000024a6d629a10 nmethod 3937 0x0000024a63453010 code [0x0000024a634531a0, 0x0000024a63453278]
Event: 323.258 Thread 0x0000024a6d629a10 3938       1       java.io.ObjectStreamClass::getNumObjFields (5 bytes)
Event: 323.258 Thread 0x0000024a6d629a10 nmethod 3938 0x0000024a63452d10 code [0x0000024a63452ea0, 0x0000024a63452f78]
Event: 323.259 Thread 0x0000024a6d629a10 3939       1       sun.nio.ch.Util::isBufferTooLarge (15 bytes)
Event: 323.259 Thread 0x0000024a6d629a10 nmethod 3939 0x0000024a63452a10 code [0x0000024a63452ba0, 0x0000024a63452c78]
Event: 352.617 Thread 0x0000024a6d629a10 3940       1       java.util.TreeSet::add (22 bytes)
Event: 352.617 Thread 0x0000024a6d629a10 nmethod 3940 0x0000024a63452690 code [0x0000024a63452820, 0x0000024a63452948]

GC Heap History (18 events):
Event: 0.528 GC heap before
{Heap before GC invocations=0 (full 0):
 garbage-first heap   total 131072K, used 12288K [0x0000000081800000, 0x0000000100000000)
  region size 1024K, 13 young (13312K), 0 survivors (0K)
 Metaspace       used 5598K, committed 5824K, reserved 1114112K
  class space    used 649K, committed 768K, reserved 1048576K
}
Event: 0.532 GC heap after
{Heap after GC invocations=1 (full 0):
 garbage-first heap   total 131072K, used 4044K [0x0000000081800000, 0x0000000100000000)
  region size 1024K, 2 young (2048K), 2 survivors (2048K)
 Metaspace       used 5598K, committed 5824K, reserved 1114112K
  class space    used 649K, committed 768K, reserved 1048576K
}
Event: 0.709 GC heap before
{Heap before GC invocations=1 (full 0):
 garbage-first heap   total 131072K, used 18380K [0x0000000081800000, 0x0000000100000000)
  region size 1024K, 16 young (16384K), 2 survivors (2048K)
 Metaspace       used 7518K, committed 7680K, reserved 1114112K
  class space    used 881K, committed 960K, reserved 1048576K
}
Event: 0.712 GC heap after
{Heap after GC invocations=2 (full 0):
 garbage-first heap   total 131072K, used 5206K [0x0000000081800000, 0x0000000100000000)
  region size 1024K, 1 young (1024K), 1 survivors (1024K)
 Metaspace       used 7518K, committed 7680K, reserved 1114112K
  class space    used 881K, committed 960K, reserved 1048576K
}
Event: 1.219 GC heap before
{Heap before GC invocations=2 (full 0):
 garbage-first heap   total 131072K, used 79958K [0x0000000081800000, 0x0000000100000000)
  region size 1024K, 74 young (75776K), 1 survivors (1024K)
 Metaspace       used 14590K, committed 14912K, reserved 1114112K
  class space    used 1908K, committed 2112K, reserved 1048576K
}
Event: 1.222 GC heap after
{Heap after GC invocations=3 (full 0):
 garbage-first heap   total 131072K, used 7209K [0x0000000081800000, 0x0000000100000000)
  region size 1024K, 3 young (3072K), 3 survivors (3072K)
 Metaspace       used 14590K, committed 14912K, reserved 1114112K
  class space    used 1908K, committed 2112K, reserved 1048576K
}
Event: 1.561 GC heap before
{Heap before GC invocations=3 (full 0):
 garbage-first heap   total 131072K, used 80937K [0x0000000081800000, 0x0000000100000000)
  region size 1024K, 76 young (77824K), 3 survivors (3072K)
 Metaspace       used 20688K, committed 21056K, reserved 1114112K
  class space    used 2748K, committed 2944K, reserved 1048576K
}
Event: 1.568 GC heap after
{Heap after GC invocations=4 (full 0):
 garbage-first heap   total 131072K, used 10682K [0x0000000081800000, 0x0000000100000000)
  region size 1024K, 7 young (7168K), 7 survivors (7168K)
 Metaspace       used 20688K, committed 21056K, reserved 1114112K
  class space    used 2748K, committed 2944K, reserved 1048576K
}
Event: 1.670 GC heap before
{Heap before GC invocations=4 (full 0):
 garbage-first heap   total 131072K, used 20922K [0x0000000081800000, 0x0000000100000000)
  region size 1024K, 18 young (18432K), 7 survivors (7168K)
 Metaspace       used 21174K, committed 21504K, reserved 1114112K
  class space    used 2820K, committed 3008K, reserved 1048576K
}
Event: 1.676 GC heap after
{Heap after GC invocations=5 (full 0):
 garbage-first heap   total 131072K, used 11393K [0x0000000081800000, 0x0000000100000000)
  region size 1024K, 5 young (5120K), 5 survivors (5120K)
 Metaspace       used 21174K, committed 21504K, reserved 1114112K
  class space    used 2820K, committed 3008K, reserved 1048576K
}
Event: 1.906 GC heap before
{Heap before GC invocations=6 (full 0):
 garbage-first heap   total 48128K, used 36993K [0x0000000081800000, 0x0000000100000000)
  region size 1024K, 31 young (31744K), 5 survivors (5120K)
 Metaspace       used 22977K, committed 23360K, reserved 1114112K
  class space    used 3081K, committed 3264K, reserved 1048576K
}
Event: 1.913 GC heap after
{Heap after GC invocations=7 (full 0):
 garbage-first heap   total 48128K, used 11825K [0x0000000081800000, 0x0000000100000000)
  region size 1024K, 5 young (5120K), 5 survivors (5120K)
 Metaspace       used 22977K, committed 23360K, reserved 1114112K
  class space    used 3081K, committed 3264K, reserved 1048576K
}
Event: 2.119 GC heap before
{Heap before GC invocations=7 (full 0):
 garbage-first heap   total 48128K, used 35377K [0x0000000081800000, 0x0000000100000000)
  region size 1024K, 28 young (28672K), 5 survivors (5120K)
 Metaspace       used 25132K, committed 25472K, reserved 1114112K
  class space    used 3381K, committed 3520K, reserved 1048576K
}
Event: 2.128 GC heap after
{Heap after GC invocations=8 (full 0):
 garbage-first heap   total 58368K, used 12717K [0x0000000081800000, 0x0000000100000000)
  region size 1024K, 3 young (3072K), 3 survivors (3072K)
 Metaspace       used 25132K, committed 25472K, reserved 1114112K
  class space    used 3381K, committed 3520K, reserved 1048576K
}
Event: 2.461 GC heap before
{Heap before GC invocations=8 (full 0):
 garbage-first heap   total 58368K, used 44461K [0x0000000081800000, 0x0000000100000000)
  region size 1024K, 34 young (34816K), 3 survivors (3072K)
 Metaspace       used 27784K, committed 28224K, reserved 1114112K
  class space    used 3739K, committed 3968K, reserved 1048576K
}
Event: 2.466 GC heap after
{Heap after GC invocations=9 (full 0):
 garbage-first heap   total 58368K, used 14999K [0x0000000081800000, 0x0000000100000000)
  region size 1024K, 5 young (5120K), 5 survivors (5120K)
 Metaspace       used 27784K, committed 28224K, reserved 1114112K
  class space    used 3739K, committed 3968K, reserved 1048576K
}
Event: 5.858 GC heap before
{Heap before GC invocations=9 (full 0):
 garbage-first heap   total 58368K, used 42647K [0x0000000081800000, 0x0000000100000000)
  region size 1024K, 33 young (33792K), 5 survivors (5120K)
 Metaspace       used 30516K, committed 30976K, reserved 1114112K
  class space    used 4088K, committed 4288K, reserved 1048576K
}
Event: 5.863 GC heap after
{Heap after GC invocations=10 (full 0):
 garbage-first heap   total 58368K, used 16031K [0x0000000081800000, 0x0000000100000000)
  region size 1024K, 4 young (4096K), 4 survivors (4096K)
 Metaspace       used 30516K, committed 30976K, reserved 1114112K
  class space    used 4088K, committed 4288K, reserved 1048576K
}

Deoptimization events (20 events):
Event: 5.854 Thread 0x0000024a726785d0 DEOPT PACKING pc=0x0000024a633b8edc sp=0x000000d28e5fcce0
Event: 5.854 Thread 0x0000024a726785d0 DEOPT UNPACKING pc=0x0000024a63082b43 sp=0x000000d28e5fc178 mode 1
Event: 5.854 Thread 0x0000024a726785d0 DEOPT PACKING pc=0x0000024a633b7afc sp=0x000000d28e5fcdb0
Event: 5.854 Thread 0x0000024a726785d0 DEOPT UNPACKING pc=0x0000024a63082b43 sp=0x000000d28e5fc268 mode 1
Event: 5.854 Thread 0x0000024a726785d0 DEOPT PACKING pc=0x0000024a634a82d4 sp=0x000000d28e5fd7c0
Event: 5.854 Thread 0x0000024a726785d0 DEOPT UNPACKING pc=0x0000024a63082b43 sp=0x000000d28e5fcc98 mode 1
Event: 5.855 Thread 0x0000024a726785d0 DEOPT PACKING pc=0x0000024a636bcfcc sp=0x000000d28e5fd860
Event: 5.855 Thread 0x0000024a726785d0 DEOPT UNPACKING pc=0x0000024a63082b43 sp=0x000000d28e5fcde0 mode 1
Event: 5.884 Thread 0x0000024a726785d0 DEOPT PACKING pc=0x0000024a633b8edc sp=0x000000d28e5fc8f0
Event: 5.884 Thread 0x0000024a726785d0 DEOPT UNPACKING pc=0x0000024a63082b43 sp=0x000000d28e5fbd88 mode 1
Event: 5.884 Thread 0x0000024a726785d0 DEOPT PACKING pc=0x0000024a633b7afc sp=0x000000d28e5fc9c0
Event: 5.884 Thread 0x0000024a726785d0 DEOPT UNPACKING pc=0x0000024a63082b43 sp=0x000000d28e5fbe78 mode 1
Event: 5.884 Thread 0x0000024a726785d0 DEOPT PACKING pc=0x0000024a633b8edc sp=0x000000d28e5fc9b0
Event: 5.885 Thread 0x0000024a726785d0 DEOPT UNPACKING pc=0x0000024a63082b43 sp=0x000000d28e5fbe48 mode 1
Event: 5.885 Thread 0x0000024a726785d0 DEOPT PACKING pc=0x0000024a633b7afc sp=0x000000d28e5fca80
Event: 5.885 Thread 0x0000024a726785d0 DEOPT UNPACKING pc=0x0000024a63082b43 sp=0x000000d28e5fbf38 mode 1
Event: 5.885 Thread 0x0000024a726785d0 DEOPT PACKING pc=0x0000024a633b8edc sp=0x000000d28e5fca80
Event: 5.885 Thread 0x0000024a726785d0 DEOPT UNPACKING pc=0x0000024a63082b43 sp=0x000000d28e5fbf18 mode 1
Event: 5.885 Thread 0x0000024a726785d0 DEOPT PACKING pc=0x0000024a633b7afc sp=0x000000d28e5fcb50
Event: 5.885 Thread 0x0000024a726785d0 DEOPT UNPACKING pc=0x0000024a63082b43 sp=0x000000d28e5fc008 mode 1

Classes unloaded (0 events):
No events

Classes redefined (0 events):
No events

Internal exceptions (20 events):
Event: 1.981 Thread 0x0000024a59f6c680 Exception <a 'java/lang/NoSuchMethodError'{0x0000000083f1caf8}: 'void java.lang.invoke.DirectMethodHandle$Holder.invokeStatic(java.lang.Object, int, java.lang.Object)'> (0x0000000083f1caf8) 
thrown [s\open\src\hotspot\share\interpreter\linkResolver.cpp, line 759]
Event: 2.003 Thread 0x0000024a59f6c680 Exception <a 'java/lang/NoSuchMethodError'{0x0000000083e0c198}: 'int java.lang.invoke.DirectMethodHandle$Holder.invokeSpecial(java.lang.Object, java.lang.Object, int)'> (0x0000000083e0c198) 
thrown [s\open\src\hotspot\share\interpreter\linkResolver.cpp, line 759]
Event: 2.004 Thread 0x0000024a59f6c680 Exception <a 'java/lang/NoSuchMethodError'{0x0000000083e1da90}: 'void java.lang.invoke.DirectMethodHandle$Holder.invokeVirtual(java.lang.Object, java.lang.Object, int)'> (0x0000000083e1da90) 
thrown [s\open\src\hotspot\share\interpreter\linkResolver.cpp, line 759]
Event: 2.005 Thread 0x0000024a59f6c680 Exception <a 'java/lang/NoSuchMethodError'{0x0000000083e23cd8}: 'void java.lang.invoke.DirectMethodHandle$Holder.invokeStatic(java.lang.Object, java.lang.Object, java.lang.Object, int, java.lang.Object)'> (0x0000000083e23cd8) 
thrown [s\open\src\hotspot\share\interpreter\linkResolver.cpp, line 759]
Event: 2.005 Thread 0x0000024a59f6c680 Exception <a 'java/lang/NoSuchMethodError'{0x0000000083e2b1e0}: 'java.lang.Object java.lang.invoke.DirectMethodHandle$Holder.newInvokeSpecial(java.lang.Object, java.lang.Object, java.lang.Object, int)'> (0x0000000083e2b1e0) 
thrown [s\open\src\hotspot\share\interpreter\linkResolver.cpp, line 759]
Event: 2.005 Thread 0x0000024a59f6c680 Exception <a 'java/lang/NoSuchMethodError'{0x0000000083e2f4c8}: 'java.lang.Object java.lang.invoke.DirectMethodHandle$Holder.invokeSpecial(java.lang.Object, java.lang.Object, java.lang.Object, java.lang.Object, int)'> (0x0000000083e2f4c8) 
thrown [s\open\src\hotspot\share\interpreter\linkResolver.cpp, line 759]
Event: 2.006 Thread 0x0000024a59f6c680 Exception <a 'java/lang/NoSuchMethodError'{0x0000000083e33090}: 'java.lang.Object java.lang.invoke.Invokers$Holder.linkToTargetMethod(java.lang.Object, java.lang.Object, int, java.lang.Object)'> (0x0000000083e33090) 
thrown [s\open\src\hotspot\share\interpreter\linkResolver.cpp, line 759]
Event: 2.098 Thread 0x0000024a72636f20 Exception <a 'java/lang/reflect/InvocationTargetException'{0x0000000083258738}> (0x0000000083258738) 
thrown [s\open\src\hotspot\share\runtime\reflection.cpp, line 1121]
Event: 2.169 Thread 0x0000024a59f6c680 Exception <a 'java/io/FileNotFoundException'{0x0000000088bd5ff8}> (0x0000000088bd5ff8) 
thrown [s\open\src\hotspot\share\prims\jni.cpp, line 516]
Event: 2.210 Thread 0x0000024a59f6c680 Exception <a 'java/lang/NoSuchMethodError'{0x0000000084821a60}: 'int java.lang.invoke.DirectMethodHandle$Holder.invokeInterface(java.lang.Object, java.lang.Object, java.lang.Object, java.lang.Object)'> (0x0000000084821a60) 
thrown [s\open\src\hotspot\share\interpreter\linkResolver.cpp, line 759]
Event: 2.253 Thread 0x0000024a59f6c680 Exception <a 'java/lang/NoSuchMethodError'{0x00000000845b15a8}: 'long java.lang.invoke.DirectMethodHandle$Holder.invokeVirtual(java.lang.Object, java.lang.Object)'> (0x00000000845b15a8) 
thrown [s\open\src\hotspot\share\interpreter\linkResolver.cpp, line 759]
Event: 2.430 Thread 0x0000024a59f6c680 Exception <a 'sun/nio/fs/WindowsException'{0x000000008354c890}> (0x000000008354c890) 
thrown [s\open\src\hotspot\share\prims\jni.cpp, line 516]
Event: 2.456 Thread 0x0000024a59f6c680 Exception <a 'java/lang/IncompatibleClassChangeError'{0x00000000832987a0}: Found class java.lang.Object, but interface was expected> (0x00000000832987a0) 
thrown [s\open\src\hotspot\share\interpreter\linkResolver.cpp, line 826]
Event: 2.489 Thread 0x0000024a59f6c680 Exception <a 'java/lang/NoSuchMethodError'{0x0000000088c91ce0}: 'void java.lang.invoke.DirectMethodHandle$Holder.invokeVirtual(java.lang.Object, java.lang.Object, long)'> (0x0000000088c91ce0) 
thrown [s\open\src\hotspot\share\interpreter\linkResolver.cpp, line 759]
Event: 2.528 Thread 0x0000024a59f6c680 Exception <a 'java/lang/NoSuchMethodError'{0x0000000084716540}: 'int java.lang.invoke.DirectMethodHandle$Holder.invokeStaticInit(java.lang.Object, java.lang.Object, java.lang.Object, java.lang.Object)'> (0x0000000084716540) 
thrown [s\open\src\hotspot\share\interpreter\linkResolver.cpp, line 759]
Event: 2.609 Thread 0x0000024a59f6c680 Exception <a 'java/lang/NoSuchMethodError'{0x000000008403b788}: 'java.lang.Object java.lang.invoke.DirectMethodHandle$Holder.newInvokeSpecial(java.lang.Object, java.lang.Object, int, java.lang.Object, java.lang.Object)'> (0x000000008403b788) 
thrown [s\open\src\hotspot\share\interpreter\linkResolver.cpp, line 759]
Event: 5.788 Thread 0x0000024a73344830 Exception <a 'java/lang/NoSuchMethodError'{0x0000000083df0f90}: 'java.lang.Object java.lang.invoke.DirectMethodHandle$Holder.invokeStaticInit(java.lang.Object, java.lang.Object, java.lang.Object, int, int)'> (0x0000000083df0f90) 
thrown [s\open\src\hotspot\share\interpreter\linkResolver.cpp, line 759]
Event: 5.820 Thread 0x0000024a726785d0 Exception <a 'java/lang/NoSuchMethodError'{0x000000008399b878}: 'java.lang.Object java.lang.invoke.DirectMethodHandle$Holder.invokeSpecial(java.lang.Object, java.lang.Object, java.lang.Object, java.lang.Object, java.lang.Object, long)'> (0x000000008399b878) 
thrown [s\open\src\hotspot\share\interpreter\linkResolver.cpp, line 759]
Event: 5.820 Thread 0x0000024a726785d0 Exception <a 'java/lang/NoSuchMethodError'{0x000000008399f2b8}: 'java.lang.Object java.lang.invoke.Invokers$Holder.linkToTargetMethod(java.lang.Object, java.lang.Object, java.lang.Object, long, java.lang.Object)'> (0x000000008399f2b8) 
thrown [s\open\src\hotspot\share\interpreter\linkResolver.cpp, line 759]
Event: 5.871 Thread 0x0000024a726785d0 Exception <a 'java/lang/NoSuchMethodError'{0x00000000897e1ed8}: 'int java.lang.invoke.DirectMethodHandle$Holder.invokeVirtual(java.lang.Object, java.lang.Object, java.lang.Object)'> (0x00000000897e1ed8) 
thrown [s\open\src\hotspot\share\interpreter\linkResolver.cpp, line 759]

VM Operations (20 events):
Event: 120.376 Executing VM operation: HandshakeAllThreads done
Event: 163.809 Executing VM operation: Cleanup
Event: 163.809 Executing VM operation: Cleanup done
Event: 202.156 Executing VM operation: Cleanup
Event: 202.156 Executing VM operation: Cleanup done
Event: 203.157 Executing VM operation: Cleanup
Event: 203.157 Executing VM operation: Cleanup done
Event: 205.176 Executing VM operation: Cleanup
Event: 205.177 Executing VM operation: Cleanup done
Event: 208.207 Executing VM operation: Cleanup
Event: 208.207 Executing VM operation: Cleanup done
Event: 213.235 Executing VM operation: Cleanup
Event: 213.235 Executing VM operation: Cleanup done
Event: 256.663 Executing VM operation: Cleanup
Event: 256.663 Executing VM operation: Cleanup done
Event: 262.746 Executing VM operation: Cleanup
Event: 262.746 Executing VM operation: Cleanup done
Event: 324.096 Executing VM operation: Cleanup
Event: 324.096 Executing VM operation: Cleanup done
Event: 359.292 Executing VM operation: RedefineClasses

Events (20 events):
Event: 5.791 loading class java/nio/channels/SelectionKey done
Event: 5.791 loading class java/nio/channels/spi/AbstractSelectionKey done
Event: 5.791 loading class sun/nio/ch/SelectionKeyImpl done
Event: 5.791 loading class java/lang/invoke/ConstantBootstraps
Event: 5.791 loading class java/lang/invoke/ConstantBootstraps done
Event: 5.792 Thread 0x0000024a724d7930 Thread exited: 0x0000024a724d7930
Event: 5.823 loading class sun/nio/cs/ThreadLocalCoders
Event: 5.823 loading class sun/nio/cs/ThreadLocalCoders done
Event: 5.823 loading class sun/nio/cs/ThreadLocalCoders$1
Event: 5.823 loading class sun/nio/cs/ThreadLocalCoders$Cache
Event: 5.823 loading class sun/nio/cs/ThreadLocalCoders$Cache done
Event: 5.823 loading class sun/nio/cs/ThreadLocalCoders$1 done
Event: 5.823 loading class sun/nio/cs/ThreadLocalCoders$2
Event: 5.823 loading class sun/nio/cs/ThreadLocalCoders$2 done
Event: 5.897 loading class java/time/format/DateTimeFormatterBuilder$ZoneTextPrinterParser
Event: 5.897 loading class java/time/format/DateTimeFormatterBuilder$ZoneTextPrinterParser done
Event: 5.897 loading class java/time/format/DateTimeFormatterBuilder$ReducedPrinterParser
Event: 5.897 loading class java/time/format/DateTimeFormatterBuilder$ReducedPrinterParser done
Event: 10.909 Thread 0x0000024a6d5fe060 Thread exited: 0x0000024a6d5fe060
Event: 91.022 Thread 0x0000024a725fcce0 Thread exited: 0x0000024a725fcce0


Dynamic libraries:
0x00007ff6e0730000 - 0x00007ff6e0740000 	C:\Program Files\Java\jdk-17\bin\javaw.exe
0x00007ffc785f0000 - 0x00007ffc78806000 	C:\Windows\SYSTEM32\ntdll.dll
0x00007ffc77900000 - 0x00007ffc779c4000 	C:\Windows\System32\KERNEL32.DLL
0x00007ffc75f90000 - 0x00007ffc76336000 	C:\Windows\System32\KERNELBASE.dll
0x00007ffc75bb0000 - 0x00007ffc75cc1000 	C:\Windows\System32\ucrtbase.dll
0x00007ffc63d00000 - 0x00007ffc63d1b000 	C:\Program Files\Java\jdk-17\bin\VCRUNTIME140.dll
0x00007ffc62c90000 - 0x00007ffc62ca9000 	C:\Program Files\Java\jdk-17\bin\jli.dll
0x00007ffc78390000 - 0x00007ffc78442000 	C:\Windows\System32\ADVAPI32.dll
0x00007ffc78500000 - 0x00007ffc785a7000 	C:\Windows\System32\msvcrt.dll
0x00007ffc76db0000 - 0x00007ffc76e58000 	C:\Windows\System32\sechost.dll
0x00007ffc75ef0000 - 0x00007ffc75f18000 	C:\Windows\System32\bcrypt.dll
0x00007ffc76c90000 - 0x00007ffc76da5000 	C:\Windows\System32\RPCRT4.dll
0x00007ffc78180000 - 0x00007ffc7832d000 	C:\Windows\System32\USER32.dll
0x00007ffc75cd0000 - 0x00007ffc75cf6000 	C:\Windows\System32\win32u.dll
0x00007ffc67660000 - 0x00007ffc678f3000 	C:\Windows\WinSxS\amd64_microsoft.windows.common-controls_6595b64144ccf1df_6.0.22621.3235_none_270f74e173860f98\COMCTL32.dll
0x00007ffc778c0000 - 0x00007ffc778e9000 	C:\Windows\System32\GDI32.dll
0x00007ffc759f0000 - 0x00007ffc75b08000 	C:\Windows\System32\gdi32full.dll
0x00007ffc75b10000 - 0x00007ffc75baa000 	C:\Windows\System32\msvcp_win.dll
0x00007ffc67900000 - 0x00007ffc6790a000 	C:\Windows\SYSTEM32\VERSION.dll
0x00007ffc779d0000 - 0x00007ffc77a01000 	C:\Windows\System32\IMM32.DLL
0x00007ffc60d00000 - 0x00007ffc60d0c000 	C:\Program Files\Java\jdk-17\bin\vcruntime140_1.dll
0x00007ffc4ab30000 - 0x00007ffc4abbe000 	C:\Program Files\Java\jdk-17\bin\msvcp140.dll
0x00007ffc424b0000 - 0x00007ffc43090000 	C:\Program Files\Java\jdk-17\bin\server\jvm.dll
0x00007ffc778f0000 - 0x00007ffc778f8000 	C:\Windows\System32\PSAPI.DLL
0x00007ffc60cf0000 - 0x00007ffc60cf9000 	C:\Windows\SYSTEM32\WSOCK32.dll
0x00007ffc67620000 - 0x00007ffc67654000 	C:\Windows\SYSTEM32\WINMM.dll
0x00007ffc76e60000 - 0x00007ffc76ed1000 	C:\Windows\System32\ws2_32.DLL
0x00007ffc74950000 - 0x00007ffc74968000 	C:\Windows\SYSTEM32\kernel.appcore.dll
0x00007ffc60800000 - 0x00007ffc6080a000 	C:\Program Files\Java\jdk-17\bin\jimage.dll
0x00007ffc67be0000 - 0x00007ffc67e13000 	C:\Windows\SYSTEM32\DBGHELP.DLL
0x00007ffc77050000 - 0x00007ffc773d8000 	C:\Windows\System32\combase.dll
0x00007ffc76340000 - 0x00007ffc76417000 	C:\Windows\System32\OLEAUT32.dll
0x00007ffc60bf0000 - 0x00007ffc60c22000 	C:\Windows\SYSTEM32\dbgcore.DLL
0x00007ffc75e70000 - 0x00007ffc75eea000 	C:\Windows\System32\bcryptPrimitives.dll
0x00007ffc4abe0000 - 0x00007ffc4ac1b000 	C:\Program Files\Java\jdk-17\bin\jdwp.dll
0x00007ffc5c810000 - 0x00007ffc5c81e000 	C:\Program Files\Java\jdk-17\bin\instrument.dll
0x00007ffc4ab00000 - 0x00007ffc4ab25000 	C:\Program Files\Java\jdk-17\bin\java.dll
0x00007ffc49210000 - 0x00007ffc492e7000 	C:\Program Files\Java\jdk-17\bin\jsvml.dll
0x00007ffc76420000 - 0x00007ffc76c7c000 	C:\Windows\System32\SHELL32.dll
0x00007ffc73870000 - 0x00007ffc74168000 	C:\Windows\SYSTEM32\windows.storage.dll
0x00007ffc73730000 - 0x00007ffc7386e000 	C:\Windows\SYSTEM32\wintypes.dll
0x00007ffc77ff0000 - 0x00007ffc780e3000 	C:\Windows\System32\SHCORE.dll
0x00007ffc78330000 - 0x00007ffc7838e000 	C:\Windows\System32\shlwapi.dll
0x00007ffc75860000 - 0x00007ffc75886000 	C:\Windows\SYSTEM32\profapi.dll
0x00007ffc5ab80000 - 0x00007ffc5ab8c000 	C:\Program Files\Java\jdk-17\bin\dt_socket.dll
0x00007ffc743d0000 - 0x00007ffc743fd000 	C:\Windows\SYSTEM32\IPHLPAPI.DLL
0x00007ffc74dd0000 - 0x00007ffc74e39000 	C:\Windows\system32\mswsock.dll
0x00007ffc74440000 - 0x00007ffc74539000 	C:\Windows\SYSTEM32\DNSAPI.dll
0x00007ffc78450000 - 0x00007ffc78459000 	C:\Windows\System32\NSI.dll
0x00007ffc6fd40000 - 0x00007ffc6fd4a000 	C:\Windows\System32\rasadhlp.dll
0x00007ffc6e240000 - 0x00007ffc6e2c3000 	C:\Windows\System32\fwpuclnt.dll
0x00007ffc4a5a0000 - 0x00007ffc4a5b8000 	C:\Program Files\Java\jdk-17\bin\zip.dll
0x00007ffc491f0000 - 0x00007ffc49209000 	C:\Program Files\Java\jdk-17\bin\net.dll
0x00007ffc6f6f0000 - 0x00007ffc6f827000 	C:\Windows\SYSTEM32\WINHTTP.dll
0x00007ffc491d0000 - 0x00007ffc491e6000 	C:\Program Files\Java\jdk-17\bin\nio.dll
0x00007ffc57db0000 - 0x00007ffc57dba000 	C:\Program Files\Java\jdk-17\bin\management.dll
0x00007ffc576b0000 - 0x00007ffc576bb000 	C:\Program Files\Java\jdk-17\bin\management_ext.dll
0x00007ffc661c0000 - 0x00007ffc661d7000 	C:\Windows\system32\napinsp.dll
0x00007ffc661a0000 - 0x00007ffc661bb000 	C:\Windows\system32\pnrpnsp.dll
0x00007ffc66180000 - 0x00007ffc66191000 	C:\Windows\System32\winrnr.dll
0x00007ffc66160000 - 0x00007ffc66175000 	C:\Windows\system32\wshbth.dll
0x00007ffc66130000 - 0x00007ffc66151000 	C:\Windows\system32\nlansp_c.dll
0x00007ffc75030000 - 0x00007ffc7504b000 	C:\Windows\SYSTEM32\CRYPTSP.dll
0x00007ffc748b0000 - 0x00007ffc748e5000 	C:\Windows\system32\rsaenh.dll
0x00007ffc74ec0000 - 0x00007ffc74eec000 	C:\Windows\SYSTEM32\USERENV.dll
0x00007ffc75020000 - 0x00007ffc7502c000 	C:\Windows\SYSTEM32\CRYPTBASE.dll
0x00007ffc6fc70000 - 0x00007ffc6fc89000 	C:\Windows\SYSTEM32\dhcpcsvc6.DLL
0x00007ffc6fc50000 - 0x00007ffc6fc6f000 	C:\Windows\SYSTEM32\dhcpcsvc.DLL
0x00007ffc57170000 - 0x00007ffc57180000 	C:\Program Files\Java\jdk-17\bin\verify.dll
0x00007ffc56a10000 - 0x00007ffc56a1e000 	C:\Program Files\Java\jdk-17\bin\sunmscapi.dll
0x00007ffc75d00000 - 0x00007ffc75e66000 	C:\Windows\System32\CRYPT32.dll
0x00007ffc75200000 - 0x00007ffc7522e000 	C:\Windows\SYSTEM32\ncrypt.dll
0x00007ffc75180000 - 0x00007ffc751b7000 	C:\Windows\SYSTEM32\NTASN1.dll
0x00007ffc60c80000 - 0x00007ffc60c88000 	C:\Windows\system32\wshunix.dll

dbghelp: loaded successfully - version: 4.0.5 - missing functions: none
symbol engine: initialized successfully - sym options: 0x614 - pdb path: .;C:\Program Files\Java\jdk-17\bin;C:\Windows\SYSTEM32;C:\Windows\WinSxS\amd64_microsoft.windows.common-controls_6595b64144ccf1df_6.0.22621.3235_none_270f74e173860f98;C:\Program Files\Java\jdk-17\bin\server

VM Arguments:
jvm_args: -XX:+ShowCodeDetailsInExceptionMessages -agentlib:jdwp=transport=dt_socket,suspend=y,address=localhost:50397 -Dcom.sun.management.jmxremote -Dcom.sun.management.jmxremote.port=50396 -Dcom.sun.management.jmxremote.authenticate=false -Dcom.sun.management.jmxremote.ssl=false -Djava.rmi.server.hostname=localhost -Dspring.jmx.enabled=true -Dmanagement.endpoints.jmx.exposure.include=* -Dspring.application.admin.enabled=true -XX:TieredStopAtLevel=1 -Dspring.boot.project.name=UserService -javaagent:F:\MySts\spring-tool-suite-4-4.26.0.RELEASE-e4.33.0-win32.win32.x86_64\sts-4.26.0.RELEASE\configuration\org.eclipse.osgi\271\0\.cp\lib\javaagent-shaded.jar -Dfile.encoding=UTF-8 -Dstdout.encoding=UTF-8 -Dstderr.encoding=UTF-8 
java_command: com.app.zayyni.UserServiceApplication --spring.output.ansi.enabled=always
java_class_path (initial): F:\WorkSpace6AM_BOOT\UserService\target\classes;C:\Users\Admin\.m2\repository\org\springframework\boot\spring-boot-starter-web\3.4.5\spring-boot-starter-web-3.4.5.jar;C:\Users\Admin\.m2\repository\org\springframework\boot\spring-boot-starter\3.4.5\spring-boot-starter-3.4.5.jar;C:\Users\Admin\.m2\repository\org\springframework\boot\spring-boot\3.4.5\spring-boot-3.4.5.jar;C:\Users\Admin\.m2\repository\org\springframework\boot\spring-boot-autoconfigure\3.4.5\spring-boot-autoconfigure-3.4.5.jar;C:\Users\Admin\.m2\repository\org\springframework\boot\spring-boot-starter-logging\3.4.5\spring-boot-starter-logging-3.4.5.jar;C:\Users\Admin\.m2\repository\ch\qos\logback\logback-classic\1.5.18\logback-classic-1.5.18.jar;C:\Users\Admin\.m2\repository\ch\qos\logback\logback-core\1.5.18\logback-core-1.5.18.jar;C:\Users\Admin\.m2\repository\org\apache\logging\log4j\log4j-to-slf4j\2.24.3\log4j-to-slf4j-2.24.3.jar;C:\Users\Admin\.m2\repository\org\apache\logging\log4j\log4j-api\2.24.3\log4j-api-2.24.3.jar;C:\Users\Admin\.m2\repository\org\slf4j\jul-to-slf4j\2.0.17\jul-to-slf4j-2.0.17.jar;C:\Users\Admin\.m2\repository\jakarta\annotation\jakarta.annotation-api\2.1.1\jakarta.annotation-api-2.1.1.jar;C:\Users\Admin\.m2\repository\org\yaml\snakeyaml\2.3\snakeyaml-2.3.jar;C:\Users\Admin\.m2\repository\org\springframework\boot\spring-boot-starter-json\3.4.5\spring-boot-starter-json-3.4.5.jar;C:\Users\Admin\.m2\repository\com\fasterxml\jackson\core\jackson-databind\2.18.3\jackson-databind-2.18.3.jar;C:\Users\Admin\.m2\repository\com\fasterxml\jackson\core\jackson-annotations\2.18.3\jackson-annotations-2.18.3.jar;C:\Users\Admin\.m2\repository\com\fasterxml\jackson\core\jackson-core\2.18.3\jackson-core-2.18.3.jar;C:\Users\Admin\.m2\repository\com\fasterxml\jackson\datatype\jackson-datatype-jdk8\2.18.3\jackson-datatype-jdk8-2.18.3.jar;C:\Users\Admin\.m2\repository\com\fasterxml\jackson\datatype\jackson-datatype-jsr310\2.18.3\jackson-datatype-jsr310-2.18.3.jar;C:\Use
Launcher Type: SUN_STANDARD

[Global flags]
     intx CICompilerCount                          = 3                                         {product} {ergonomic}
     uint ConcGCThreads                            = 1                                         {product} {ergonomic}
     uint G1ConcRefinementThreads                  = 4                                         {product} {ergonomic}
   size_t G1HeapRegionSize                         = 1048576                                   {product} {ergonomic}
    uintx GCDrainStackTargetSize                   = 64                                        {product} {ergonomic}
   size_t InitialHeapSize                          = 134217728                                 {product} {ergonomic}
     bool ManagementServer                         = true                                      {product} {command line}
   size_t MarkStackSize                            = 4194304                                   {product} {ergonomic}
   size_t MaxHeapSize                              = 2122317824                                {product} {ergonomic}
   size_t MaxNewSize                               = 1272971264                                {product} {ergonomic}
   size_t MinHeapDeltaBytes                        = 1048576                                   {product} {ergonomic}
   size_t MinHeapSize                              = 8388608                                   {product} {ergonomic}
    uintx NonProfiledCodeHeapSize                  = 0                                      {pd product} {ergonomic}
     bool ProfileInterpreter                       = false                                  {pd product} {command line}
    uintx ProfiledCodeHeapSize                     = 0                                      {pd product} {ergonomic}
     bool ShowCodeDetailsInExceptionMessages       = true                                   {manageable} {command line}
   size_t SoftMaxHeapSize                          = 2122317824                             {manageable} {ergonomic}
     intx TieredStopAtLevel                        = 1                                         {product} {command line}
     bool UseCompressedClassPointers               = true                           {product lp64_product} {ergonomic}
     bool UseCompressedOops                        = true                           {product lp64_product} {ergonomic}
     bool UseG1GC                                  = true                                      {product} {ergonomic}
     bool UseLargePagesIndividualAllocation        = false                                  {pd product} {ergonomic}

Logging:
Log output configuration:
 #0: stdout all=warning uptime,level,tags
 #1: stderr all=off uptime,level,tags

Environment Variables:
JAVA_HOME=C:\Program Files\Java\jdk-17
PATH=F:/MySts/spring-tool-suite-4-4.26.0.RELEASE-e4.33.0-win32.win32.x86_64/sts-4.26.0.RELEASE//plugins/org.eclipse.justj.openjdk.hotspot.jre.full.win32.x86_64_21.0.4.v20240802-1551/jre/bin/server;F:/MySts/spring-tool-suite-4-4.26.0.RELEASE-e4.33.0-win32.win32.x86_64/sts-4.26.0.RELEASE//plugins/org.eclipse.justj.openjdk.hotspot.jre.full.win32.x86_64_21.0.4.v20240802-1551/jre/bin;C:\kafka_2.12-3.9.0\bin\windows;C:\Program Files\Common Files\Oracle\Java\javapath;C:\Program Files (x86)\Common Files\Oracle\Java\javapath;C:\Program Files\MongoDB\Server\8.0\bin;C:\Windows\system32;C:\Windows;C:\Windows\System32\Wbem;C:\Windows\System32\WindowsPowerShell\v1.0\;C:\Windows\System32\OpenSSH\;C:\Program Files\dotnet\;C:\Program Files\nodejs\;C:\Program Files\Git\cmd;C:\Program Files (x86)\Microsoft SQL Server\160\Tools\Binn\;C:\Program Files\Microsoft SQL Server\160\Tools\Binn\;C:\Program Files\Microsoft SQL Server\Client SDK\ODBC\170\Tools\Binn\;C:\Program Files\Microsoft SQL Server\160\DTS\Binn\;C:\Program Files (x86)\Microsoft SQL Server\160\DTS\Binn\;C:\Program Files\Java\jdk-17\bin;C:\Users\Admin\AppData\Local\Programs\Python\Python312\Scripts\;C:\Users\Admin\AppData\Local\Programs\Python\Python312\;C:\Users\Admin\AppData\Local\Microsoft\WindowsApps;C:\Users\Admin\AppData\Local\Programs\Microsoft VS Code\bin;C:\Users\Admin\AppData\Roaming\npm;C:\Program Files\JetBrains\IntelliJ IDEA Community Edition 2021.1.2\bin;;C:\Program Files\JetBrains\PyCharm 2022.1.1\bin;;C:\Program Files\JetBrains\IntelliJ IDEA 2024.3.5\bin;;C:\Program Files\MongoDB\Server\8.0\bin;;F:\MySts\spring-tool-suite-4-4.26.0.RELEASE-e4.33.0-win32.win32.x86_64\sts-4.26.0.RELEASE;
USERNAME=Admin
OS=Windows_NT
PROCESSOR_IDENTIFIER=Intel64 Family 6 Model 58 Stepping 9, GenuineIntel



---------------  S Y S T E M  ---------------

OS:
 Windows 11 , 64 bit Build 22621 (10.0.22621.3235)
OS uptime: 0 days 1:11 hours

CPU: total 4 (initial active 4) (4 cores per cpu, 1 threads per core) family 6 model 58 stepping 9 microcode 0x21, cx8, cmov, fxsr, mmx, sse, sse2, sse3, ssse3, sse4.1, sse4.2, popcnt, tsc, tscinvbit, avx, aes, erms, clmul, vzeroupper, clflush

Memory: 4k page, system-wide physical 8094M (1933M free)
TotalPageFile size 8450M (AvailPageFile size 1968M)
current process WorkingSet (physical memory assigned to process): 149M, peak: 168M
current process commit charge ("private bytes"): 180M, peak: 241M

vm_info: Java HotSpot(TM) 64-Bit Server VM (17.0.12+8-LTS-286) for windows-amd64 JRE (17.0.12+8-LTS-286), built on Jun  5 2024 06:46:59 by "mach5one" with MS VC++ 17.6 (VS2022)

END.
